// Jest Snapshot v1, https://goo.gl/fbAQLP

exports[`App renders correctly 1`] = `
<DocumentFragment>
  <div
    class="app"
  >
    <img
      alt="nasa logo"
      id="nasaLogo"
      src="https://cdn.cnn.com/cnnnext/dam/assets/200424060716-nasa-worm-logo.jpg"
    />
    <div
      class="search"
    >
      <form>
        <input
          placeholder="Search"
          type="text"
          value=""
        />
        <input
          type="submit"
          value="Submit"
        />
      </form>
    </div>
    <div />
  </div>
</DocumentFragment>
`;
