// Jest Snapshot v1, https://goo.gl/fbAQLP

exports[`the search component renders correctly 1`] = `
<DocumentFragment>
  <div
    class="search"
  >
    <form>
      <input
        placeholder="Search"
        type="text"
        value=""
      />
      <input
        type="submit"
        value="Submit"
      />
    </form>
  </div>
</DocumentFragment>
`;
